2026-09-12T14:48:08+09:00
COMMAND: /home/tao/LARS_Poisson/.venv/bin/python aggregate_structural_audit.py --input-dir results/teacher_structure_20260912 --output-dir results/teacher_structure_summary_20260912 --expected-runs 45
{
  "all_refits_match_original": true,
  "audited_runs": 45,
  "maximum_absolute_nz_difference": 0,
  "maximum_pseudo_r2_absolute_difference": 0.0,
  "maximum_r2_absolute_difference": 0.0
}
---SUMMARY---
size,weight,runs,nz_mean,nz_sd,exact_mean,exact_sd,strict_subset_mean,strict_subset_sd,strict_superset_mean,strict_superset_sd,partial_overlap_mean,partial_overlap_sd,disjoint_mean,disjoint_sd,exact_precision_mean,exact_precision_sd,exact_recall_mean,exact_recall_sd
n500,small,5,57.6,18.10524785801067,1.4,1.140175425099138,17.0,2.7386127875258306,0.0,0.0,35.6,14.170391667134682,3.6,2.701851217221259,0.025744028342659753,0.02221686623838926,0.175,0.14252192813739226
n500,medium,5,82.2,13.590437814875575,3.8,1.6431676725154984,19.4,3.2093613071762426,0.0,0.0,48.2,11.882760622010357,10.8,3.492849839314596,0.04760528508744431,0.020987914469365244,0.475,0.2053959590644373
n500,large,5,115.0,39.05764969887461,7.4,0.5477225575051661,31.2,6.906518659932803,0.0,0.0,66.4,27.591665408235148,10.0,5.522680508593631,0.0698061023760228,0.020787895942908256,0.925,0.06846531968814576
n1500,small,5,76.8,3.7013511046643495,2.2,0.8366600265340756,21.0,3.8078865529319543,0.0,0.0,47.4,3.5777087639996634,6.2,2.588435821108957,0.028491356340214425,0.010539611754126377,0.275,0.10458250331675945
n1500,medium,5,85.8,10.709808588392232,5.4,2.073644135332772,28.4,7.797435475847171,0.0,0.0,44.0,7.0,8.0,2.7386127875258306,0.06441457282652584,0.028927857419191752,0.675,0.2592055169165965
n1500,large,5,161.8,77.00454532039002,8.0,0.0,38.8,8.757853618324527,0.0,0.0,98.8,63.89600926505504,16.2,9.497368056467012,0.06101134556288026,0.031727689716136986,1.0,0.0
n3000,small,5,81.8,33.26710086556988,3.6,1.51657508881031,25.2,3.96232255123179,0.0,0.0,47.0,27.964262908219126,6.0,6.892024376045111,0.05337379710878751,0.03390257266284253,0.45,0.18957188610128875
n3000,medium,5,91.4,11.696153213770756,5.2,1.6431676725154984,33.4,5.594640292279746,0.0,0.0,48.0,11.76860229593982,4.8,0.8366600265340756,0.05734491417877285,0.020002075600321245,0.65,0.2053959590644373
n3000,large,5,513.8,405.0360477784663,7.8,0.4472135954999579,70.6,22.908513701242164,0.0,0.0,422.6,396.2906761456797,12.8,20.861447696648476,0.025003603946017597,0.02144299906371191,0.975,0.05590169943749474
